app/programs/[program]/page.tsx(3,49): error TS6142: Module './_components/ProgramDetailsView' was resolved to 'C:/Users/user/Desktop/SB/app/programs/[program]/_components/ProgramDetailsView.tsx', but '--jsx' is not set.
app/programs/[program]/page.tsx(613,10): error TS17004: Cannot use JSX unless the '--jsx' flag is provided.
